Nothing to build in platform 'led_new'

19:50:52 **** Incremental Build of configuration Debug for project led_test_sw ****
make all 
'Building file: ../src/led_sw.c'
'Invoking: ARM v8 gcc compiler'
aarch64-none-elf-gcc -Wall -O0 -g3 -c -fmessage-length=0 -MT"src/led_sw.o" -IC:/my_pc/desktop/matlab/exp8_io/hdl_prj/vivado_prj/led_new/export/led_new/sw/led_new/standalone_domain/bspinclude/include -MMD -MP -MF"src/led_sw.d" -MT"src/led_sw.o" -o "src/led_sw.o" "../src/led_sw.c"
'Finished building: ../src/led_sw.c'
' '
'Building target: led_test_sw.elf'
'Invoking: ARM v8 gcc linker'
aarch64-none-elf-gcc -Wl,-T -Wl,../src/lscript.ld -LC:/my_pc/desktop/matlab/exp8_io/hdl_prj/vivado_prj/led_new/export/led_new/sw/led_new/standalone_domain/bsplib/lib -o "led_test_sw.elf"  ./src/led_sw.o   -Wl,--start-group,-lxil,-lgcc,-lc,--end-group
'Finished building target: led_test_sw.elf'
' '
'Invoking: ARM v8 Print Size'
aarch64-none-elf-size led_test_sw.elf  |tee "led_test_sw.elf.size"
   text	   data	    bss	    dec	    hex	filename
  33149	   2176	  20667	  55992	   dab8	led_test_sw.elf
'Finished building: led_test_sw.elf.size'
' '
19:50:54 **** Incremental Build of configuration Debug for project led_test_sw_system ****
make all 
Generating bif file for the system project
generate_system_bif.bat 64823 C:/my_pc/desktop/matlab/exp8_io/hdl_prj/vivado_prj/led_new/export/led_new/led_new.xpfm standalone_domain C:/my_pc/desktop/matlab/exp8_io/hdl_prj/vivado_prj/led_test_sw_system/Debug/system.bif
ECHO is off.
ECHO is off.
sdcard_gen --xpfm C:/my_pc/desktop/matlab/exp8_io/hdl_prj/vivado_prj/led_new/export/led_new/led_new.xpfm --sys_config led_new --bif C:/my_pc/desktop/matlab/exp8_io/hdl_prj/vivado_prj/led_test_sw_system/Debug/system.bif --bitstream C:/my_pc/desktop/matlab/exp8_io/hdl_prj/vivado_prj/led_test_sw/_ide/bitstream/test_board_leds18.bit --elf C:/my_pc/desktop/matlab/exp8_io/hdl_prj/vivado_prj/led_test_sw/Debug/led_test_sw.elf,psu_cortexa53_0
ECHO is off.
ECHO is off.
creating BOOT.BIN using C:/my_pc/desktop/matlab/exp8_io/hdl_prj/vivado_prj/led_test_sw/_ide/bitstream/test_board_leds18.bit
Running C:/Xilinx/Vitis/2023.1/bin/bootgen -arch zynqmp -image C:/my_pc/desktop/matlab/exp8_io/hdl_prj/vivado_prj/led_test_sw_system/Debug/sd_card_temp/boot.bif -w -o i BOOT.BIN
